// Jest Snapshot v1, https://goo.gl/fbAQLP

exports[`renders a snapshot 1`] = `
<View
  accessibilityLabel="picker_item:undefined"
  accessible={true}
  clickable={false}
  isTVSelectable={true}
  onClick={[Function]}
  onResponderGrant={[Function]}
  onResponderMove={[Function]}
  onResponderRelease={[Function]}
  onResponderTerminate={[Function]}
  onResponderTerminationRequest={[Function]}
  onStartShouldSetResponder={[Function]}
  style={
    Object {
      "backgroundColor": undefined,
      "height": undefined,
      "justifyContent": "center",
      "opacity": 1,
    }
  }
  testID="container-item"
>
  <Text
    style={
      Array [
        Object {
          "textAlign": "center",
          "textAlignVertical": "center",
        },
        undefined,
        undefined,
      ]
    }
    testID="text-item"
  />
</View>
`;
